admin@rafael-System-Product-Name:~/Desktop/Victor/Lab Prog Paralela/Trabalho1/p$ mpirun -np 1 p_Send.exe 1000000
Invalid MIT-MAGIC-COOKIE-1 keyQuant. de primos entre 1 e n: 78498 
Tempo de execucao: 0.157 
admin@rafael-System-Product-Name:~/Desktop/Victor/Lab Prog Paralela/Trabalho1/p$ mpirun -np 1 p_Send.exe 1000000
Invalid MIT-MAGIC-COOKIE-1 keyQuant. de primos entre 1 e n: 78498 
Tempo de execucao: 0.155 
admin@rafael-System-Product-Name:~/Desktop/Victor/Lab Prog Paralela/Trabalho1/p$ mpirun -np 1 p_Send.exe 1000000
Invalid MIT-MAGIC-COOKIE-1 keyQuant. de primos entre 1 e n: 78498 
Tempo de execucao: 0.155 
admin@rafael-System-Product-Name:~/Desktop/Victor/Lab Prog Paralela/Trabalho1/p$ ^C
admin@rafael-System-Product-Name:~/Desktop/Victor/Lab Prog Paralela/Trabalho1/p$ mpirun -np 2 p_Send.exe 1000000
Invalid MIT-MAGIC-COOKIE-1 keyQuant. de primos entre 1 e n: 78498 
Tempo de execucao: 0.084 
admin@rafael-System-Product-Name:~/Desktop/Victor/Lab Prog Paralela/Trabalho1/p$ mpirun -np 2 p_Send.exe 1000000
Invalid MIT-MAGIC-COOKIE-1 keyQuant. de primos entre 1 e n: 78498 
Tempo de execucao: 0.082 
admin@rafael-System-Product-Name:~/Desktop/Victor/Lab Prog Paralela/Trabalho1/p$ mpirun -np 2 p_Send.exe 1000000
Invalid MIT-MAGIC-COOKIE-1 keyQuant. de primos entre 1 e n: 78498 
Tempo de execucao: 0.081 
admin@rafael-System-Product-Name:~/Desktop/Victor/Lab Prog Paralela/Trabalho1/p$ mpirun -np 4 p_Send.exe 1000000
Invalid MIT-MAGIC-COOKIE-1 keyQuant. de primos entre 1 e n: 78498 
Tempo de execucao: 0.045 
admin@rafael-System-Product-Name:~/Desktop/Victor/Lab Prog Paralela/Trabalho1/p$ mpirun -np 4 p_Send.exe 1000000
Invalid MIT-MAGIC-COOKIE-1 keyQuant. de primos entre 1 e n: 78498 
Tempo de execucao: 0.062 
admin@rafael-System-Product-Name:~/Desktop/Victor/Lab Prog Paralela/Trabalho1/p$ mpirun -np 4 p_Send.exe 1000000
Invalid MIT-MAGIC-COOKIE-1 keyQuant. de primos entre 1 e n: 78498 
Tempo de execucao: 0.064 
admin@rafael-System-Product-Name:~/Desktop/Victor/Lab Prog Paralela/Trabalho1/p$ mpirun -np 8 p_Send.exe 1000000
Invalid MIT-MAGIC-COOKIE-1 keyQuant. de primos entre 1 e n: 78498 
Tempo de execucao: 0.028 
admin@rafael-System-Product-Name:~/Desktop/Victor/Lab Prog Paralela/Trabalho1/p$ mpirun -np 8 p_Send.exe 1000000
Invalid MIT-MAGIC-COOKIE-1 keyQuant. de primos entre 1 e n: 78498 
Tempo de execucao: 0.038 
admin@rafael-System-Product-Name:~/Desktop/Victor/Lab Prog Paralela/Trabalho1/p$ mpirun -np 8 p_Send.exe 1000000
Invalid MIT-MAGIC-COOKIE-1 keyQuant. de primos entre 1 e n: 78498 
Tempo de execucao: 0.045 
admin@rafael-System-Product-Name:~/Desktop/Victor/Lab Prog Paralela/Trabalho1/p$ mpirun -np 1 p_Send.exe 10000000
Invalid MIT-MAGIC-COOKIE-1 keyQuant. de primos entre 1 e n: 664579 
Tempo de execucao: 4.050 
admin@rafael-System-Product-Name:~/Desktop/Victor/Lab Prog Paralela/Trabalho1/p$ mpirun -np 1 p_Send.exe 10000000
Invalid MIT-MAGIC-COOKIE-1 keyQuant. de primos entre 1 e n: 664579 
Tempo de execucao: 4.050 
admin@rafael-System-Product-Name:~/Desktop/Victor/Lab Prog Paralela/Trabalho1/p$ mpirun -np 1 p_Send.exe 10000000
Invalid MIT-MAGIC-COOKIE-1 keyQuant. de primos entre 1 e n: 664579 
Tempo de execucao: 4.051 
admin@rafael-System-Product-Name:~/Desktop/Victor/Lab Prog Paralela/Trabalho1/p$ mpirun -np 2 p_Send.exe 10000000
Invalid MIT-MAGIC-COOKIE-1 keyQuant. de primos entre 1 e n: 664579 
Tempo de execucao: 2.044 
admin@rafael-System-Product-Name:~/Desktop/Victor/Lab Prog Paralela/Trabalho1/p$ mpirun -np 2 p_Send.exe 10000000
Invalid MIT-MAGIC-COOKIE-1 keyQuant. de primos entre 1 e n: 664579 
Tempo de execucao: 2.048 
admin@rafael-System-Product-Name:~/Desktop/Victor/Lab Prog Paralela/Trabalho1/p$ mpirun -np 2 p_Send.exe 10000000
Invalid MIT-MAGIC-COOKIE-1 keyQuant. de primos entre 1 e n: 664579 
Tempo de execucao: 2.046 
admin@rafael-System-Product-Name:~/Desktop/Victor/Lab Prog Paralela/Trabalho1/p$ mpirun -np 4 p_Send.exe 10000000
Invalid MIT-MAGIC-COOKIE-1 keyQuant. de primos entre 1 e n: 664579 
Tempo de execucao: 1.088 
admin@rafael-System-Product-Name:~/Desktop/Victor/Lab Prog Paralela/Trabalho1/p$ mpirun -np 4 p_Send.exe 10000000
Invalid MIT-MAGIC-COOKIE-1 keyQuant. de primos entre 1 e n: 664579 
Tempo de execucao: 1.055 
admin@rafael-System-Product-Name:~/Desktop/Victor/Lab Prog Paralela/Trabalho1/p$ mpirun -np 4 p_Send.exe 10000000
Invalid MIT-MAGIC-COOKIE-1 keyQuant. de primos entre 1 e n: 664579 
Tempo de execucao: 1.047 
admin@rafael-System-Product-Name:~/Desktop/Victor/Lab Prog Paralela/Trabalho1/p$ mpirun -np 8 p_Send.exe 10000000
Invalid MIT-MAGIC-COOKIE-1 keyQuant. de primos entre 1 e n: 664579 
Tempo de execucao: 0.728 
admin@rafael-System-Product-Name:~/Desktop/Victor/Lab Prog Paralela/Trabalho1/p$ mpirun -np 8 p_Send.exe 10000000
Invalid MIT-MAGIC-COOKIE-1 keyQuant. de primos entre 1 e n: 664579 
Tempo de execucao: 0.614 
admin@rafael-System-Product-Name:~/Desktop/Victor/Lab Prog Paralela/Trabalho1/p$ mpirun -np 8 p_Send.exe 10000000
Invalid MIT-MAGIC-COOKIE-1 keyQuant. de primos entre 1 e n: 664579 
Tempo de execucao: 0.634 
admin@rafael-System-Product-Name:~/Desktop/Victor/Lab Prog Paralela/Trabalho1/p$ mpirun -np 1 p_Send.exe 100000000
Invalid MIT-MAGIC-COOKIE-1 keyQuant. de primos entre 1 e n: 5761455 
Tempo de execucao: 111.844 
admin@rafael-System-Product-Name:~/Desktop/Victor/Lab Prog Paralela/Trabalho1/p$ mpirun -np 2 p_Send.exe 100000000
Invalid MIT-MAGIC-COOKIE-1 keyQuant. de primos entre 1 e n: 5761455 
Tempo de execucao: 56.505 
admin@rafael-System-Product-Name:~/Desktop/Victor/Lab Prog Paralela/Trabalho1/p$ mpirun -np 4 p_Send.exe 100000000
Invalid MIT-MAGIC-COOKIE-1 keyQuant. de primos entre 1 e n: 5761455 
Tempo de execucao: 28.791 
admin@rafael-System-Product-Name:~/Desktop/Victor/Lab Prog Paralela/Trabalho1/p$ mpirun -np 8 p_Send.exe 100000000
Invalid MIT-MAGIC-COOKIE-1 keyQuant. de primos entre 1 e n: 5761455 
Tempo de execucao: 15.515 
admin@rafael-System-Product-Name:~/Desktop/Victor/Lab Prog Paralela/Trabalho1/p$ mpirun -np 1 p_Isend.exe 100000000
Invalid MIT-MAGIC-COOKIE-1 keyQuant. de primos entre 1 e n: 5761455 
Tempo de execucao: 111.863 
admin@rafael-System-Product-Name:~/Desktop/Victor/Lab Prog Paralela/Trabalho1/p$ mpirun -np 2 p_Isend.exe 100000000
Invalid MIT-MAGIC-COOKIE-1 keyQuant. de primos entre 1 e n: 5761455 
Tempo de execucao: 56.443 
admin@rafael-System-Product-Name:~/Desktop/Victor/Lab Prog Paralela/Trabalho1/p$ mpirun -np 4 p_Isend.exe 100000000
Invalid MIT-MAGIC-COOKIE-1 keyQuant. de primos entre 1 e n: 5761455 
Tempo de execucao: 28.990 
admin@rafael-System-Product-Name:~/Desktop/Victor/Lab Prog Paralela/Trabalho1/p$ mpirun -np 8 p_Isend.exe 100000000
Invalid MIT-MAGIC-COOKIE-1 keyQuant. de primos entre 1 e n: 5761455 
Tempo de execucao: 15.508 
admin@rafael-System-Product-Name:~/Desktop/Victor/Lab Prog Paralela/Trabalho1/p$ mpirun -np 1 p_Isend.exe 10000000
Invalid MIT-MAGIC-COOKIE-1 keyQuant. de primos entre 1 e n: 664579 
Tempo de execucao: 4.055 
admin@rafael-System-Product-Name:~/Desktop/Victor/Lab Prog Paralela/Trabalho1/p$ mpirun -np 2 p_Isend.exe 10000000
Invalid MIT-MAGIC-COOKIE-1 keyQuant. de primos entre 1 e n: 664579 
Tempo de execucao: 2.045 
admin@rafael-System-Product-Name:~/Desktop/Victor/Lab Prog Paralela/Trabalho1/p$ mpirun -np 4 p_Isend.exe 10000000
Invalid MIT-MAGIC-COOKIE-1 keyQuant. de primos entre 1 e n: 664579 
Tempo de execucao: 1.053 
admin@rafael-System-Product-Name:~/Desktop/Victor/Lab Prog Paralela/Trabalho1/p$ mpirun -np 8 p_Isend.exe 10000000
Invalid MIT-MAGIC-COOKIE-1 keyQuant. de primos entre 1 e n: 664579 
Tempo de execucao: 0.581 
admin@rafael-System-Product-Name:~/Desktop/Victor/Lab Prog Paralela/Trabalho1/p$ mpirun -np 1 p_Isend.exe 1000000
Invalid MIT-MAGIC-COOKIE-1 keyQuant. de primos entre 1 e n: 78498 
Tempo de execucao: 0.155 
admin@rafael-System-Product-Name:~/Desktop/Victor/Lab Prog Paralela/Trabalho1/p$ mpirun -np 2 p_Isend.exe 1000000
Invalid MIT-MAGIC-COOKIE-1 keyQuant. de primos entre 1 e n: 78498 
Tempo de execucao: 0.082 
admin@rafael-System-Product-Name:~/Desktop/Victor/Lab Prog Paralela/Trabalho1/p$ mpirun -np 4 p_Isend.exe 1000000
Invalid MIT-MAGIC-COOKIE-1 keyQuant. de primos entre 1 e n: 78498 
Tempo de execucao: 0.068 
admin@rafael-System-Product-Name:~/Desktop/Victor/Lab Prog Paralela/Trabalho1/p$ mpirun -np 8 p_Isend.exe 1000000
Invalid MIT-MAGIC-COOKIE-1 keyQuant. de primos entre 1 e n: 78498 
Tempo de execucao: 0.041 
admin@rafael-System-Product-Name:~/Desktop/Victor/Lab Prog Paralela/Trabalho1/p$ mpirun -np 1 p_Ssend.exe 1000000
Invalid MIT-MAGIC-COOKIE-1 keyQuant. de primos entre 1 e n: 78498 
Tempo de execucao: 0.156 
admin@rafael-System-Product-Name:~/Desktop/Victor/Lab Prog Paralela/Trabalho1/p$ ^C
admin@rafael-System-Product-Name:~/Desktop/Victor/Lab Prog Paralela/Trabalho1/p$ mpirun -np 1 p_Ssend.exe 10000000
Invalid MIT-MAGIC-COOKIE-1 keyQuant. de primos entre 1 e n: 664579 
Tempo de execucao: 4.055 
admin@rafael-System-Product-Name:~/Desktop/Victor/Lab Prog Paralela/Trabalho1/p$ mpirun -np 1 p_Ssend.exe 100000000
Invalid MIT-MAGIC-COOKIE-1 keyQuant. de primos entre 1 e n: 5761455 
Tempo de execucao: 111.851 
admin@rafael-System-Product-Name:~/Desktop/Victor/Lab Prog Paralela/Trabalho1/p$ mpirun -np 2 p_Ssend.exe 100000000
Invalid MIT-MAGIC-COOKIE-1 keyQuant. de primos entre 1 e n: 5761455 
Tempo de execucao: 56.393 
admin@rafael-System-Product-Name:~/Desktop/Victor/Lab Prog Paralela/Trabalho1/p$ mpirun -np 4 p_Ssend.exe 100000000
Invalid MIT-MAGIC-COOKIE-1 keyQuant. de primos entre 1 e n: 5761455 
Tempo de execucao: 29.116 
admin@rafael-System-Product-Name:~/Desktop/Victor/Lab Prog Paralela/Trabalho1/p$ mpirun -np 8 p_Ssend.exe 100000000
Invalid MIT-MAGIC-COOKIE-1 keyQuant. de primos entre 1 e n: 5761455 
Tempo de execucao: 15.405 
admin@rafael-System-Product-Name:~/Desktop/Victor/Lab Prog Paralela/Trabalho1/p$ mpirun -np 1 p_Ssend.exe 10000000
Invalid MIT-MAGIC-COOKIE-1 keyQuant. de primos entre 1 e n: 664579 
Tempo de execucao: 4.054 
admin@rafael-System-Product-Name:~/Desktop/Victor/Lab Prog Paralela/Trabalho1/p$ mpirun -np 2 p_Ssend.exe 10000000
Invalid MIT-MAGIC-COOKIE-1 keyQuant. de primos entre 1 e n: 664579 
Tempo de execucao: 2.042 
admin@rafael-System-Product-Name:~/Desktop/Victor/Lab Prog Paralela/Trabalho1/p$ mpirun -np 3 p_Ssend.exe 10000000
Invalid MIT-MAGIC-COOKIE-1 keyQuant. de primos entre 1 e n: 664579 
Tempo de execucao: 2.069 
admin@rafael-System-Product-Name:~/Desktop/Victor/Lab Prog Paralela/Trabalho1/p$ mpirun -np 4 p_Ssend.exe 10000000
Invalid MIT-MAGIC-COOKIE-1 keyQuant. de primos entre 1 e n: 664579 
Tempo de execucao: 1.104 
admin@rafael-System-Product-Name:~/Desktop/Victor/Lab Prog Paralela/Trabalho1/p$ mpirun -np 8 p_Ssend.exe 10000000
Invalid MIT-MAGIC-COOKIE-1 keyQuant. de primos entre 1 e n: 664579 
Tempo de execucao: 0.616 
admin@rafael-System-Product-Name:~/Desktop/Victor/Lab Prog Paralela/Trabalho1/p$ mpirun -np 1 p_Ssend.exe 1000000
Invalid MIT-MAGIC-COOKIE-1 keyQuant. de primos entre 1 e n: 78498 
Tempo de execucao: 0.154 
admin@rafael-System-Product-Name:~/Desktop/Victor/Lab Prog Paralela/Trabalho1/p$ mpirun -np 2 p_Ssend.exe 1000000
Invalid MIT-MAGIC-COOKIE-1 keyQuant. de primos entre 1 e n: 78498 
Tempo de execucao: 0.085 
admin@rafael-System-Product-Name:~/Desktop/Victor/Lab Prog Paralela/Trabalho1/p$ mpirun -np 3 p_Ssend.exe 1000000
Invalid MIT-MAGIC-COOKIE-1 keyQuant. de primos entre 1 e n: 78498 
Tempo de execucao: 0.090 
admin@rafael-System-Product-Name:~/Desktop/Victor/Lab Prog Paralela/Trabalho1/p$ mpirun -np 4 p_Ssend.exe 1000000
Invalid MIT-MAGIC-COOKIE-1 keyQuant. de primos entre 1 e n: 78498 
Tempo de execucao: 0.048 
admin@rafael-System-Product-Name:~/Desktop/Victor/Lab Prog Paralela/Trabalho1/p$ mpirun -np 8 p_Ssend.exe 1000000
Invalid MIT-MAGIC-COOKIE-1 keyQuant. de primos entre 1 e n: 78498 
Tempo de execucao: 0.044 
admin@rafael-System-Product-Name:~/Desktop/Victor/Lab Prog Paralela/Trabalho1/p$ mpirun -np 1 p_Send_Irecv.exe 100000000
Invalid MIT-MAGIC-COOKIE-1 keyQuant. de primos entre 1 e n: 5761455 
Tempo de execucao: 112.060 
admin@rafael-System-Product-Name:~/Desktop/Victor/Lab Prog Paralela/Trabalho1/p$ mpirun -np 2 p_Send_Irecv.exe 100000000
Invalid MIT-MAGIC-COOKIE-1 keyQuant. de primos entre 1 e n: 5761455 
Tempo de execucao: 57.714 
admin@rafael-System-Product-Name:~/Desktop/Victor/Lab Prog Paralela/Trabalho1/p$ mpirun -np 4 p_Send_Irecv.exe 100000000
Invalid MIT-MAGIC-COOKIE-1 keyQuant. de primos entre 1 e n: 5761455 
Tempo de execucao: 28.873 
admin@rafael-System-Product-Name:~/Desktop/Victor/Lab Prog Paralela/Trabalho1/p$ mpirun -np 8 p_Send_Irecv.exe 100000000
Invalid MIT-MAGIC-COOKIE-1 keyQuant. de primos entre 1 e n: 5761455 
Tempo de execucao: 15.302 
admin@rafael-System-Product-Name:~/Desktop/Victor/Lab Prog Paralela/Trabalho1/p$ mpirun -np 1 p_Send_Irecv.exe 10000000
Invalid MIT-MAGIC-COOKIE-1 keyQuant. de primos entre 1 e n: 664579 
Tempo de execucao: 4.050 
admin@rafael-System-Product-Name:~/Desktop/Victor/Lab Prog Paralela/Trabalho1/p$ mpirun -np 2 p_Send_Irecv.exe 10000000
Invalid MIT-MAGIC-COOKIE-1 keyQuant. de primos entre 1 e n: 664579 
Tempo de execucao: 2.063 
admin@rafael-System-Product-Name:~/Desktop/Victor/Lab Prog Paralela/Trabalho1/p$ mpirun -np 3 p_Send_Irecv.exe 10000000
Invalid MIT-MAGIC-COOKIE-1 keyQuant. de primos entre 1 e n: 664579 
Tempo de execucao: 2.094 
admin@rafael-System-Product-Name:~/Desktop/Victor/Lab Prog Paralela/Trabalho1/p$ mpirun -np 4 p_Send_Irecv.exe 10000000
Invalid MIT-MAGIC-COOKIE-1 keyQuant. de primos entre 1 e n: 664579 
Tempo de execucao: 1.079 
admin@rafael-System-Product-Name:~/Desktop/Victor/Lab Prog Paralela/Trabalho1/p$ mpirun -np 8 p_Send_Irecv.exe 10000000
Invalid MIT-MAGIC-COOKIE-1 keyQuant. de primos entre 1 e n: 664579 
Tempo de execucao: 0.569 
admin@rafael-System-Product-Name:~/Desktop/Victor/Lab Prog Paralela/Trabalho1/p$ mpirun -np 1 p_Send_Irecv.exe 1000000
Invalid MIT-MAGIC-COOKIE-1 keyQuant. de primos entre 1 e n: 78498 
Tempo de execucao: 0.156 
admin@rafael-System-Product-Name:~/Desktop/Victor/Lab Prog Paralela/Trabalho1/p$ mpirun -np 2 p_Send_Irecv.exe 1000000
Invalid MIT-MAGIC-COOKIE-1 keyQuant. de primos entre 1 e n: 78498 
Tempo de execucao: 0.083 
admin@rafael-System-Product-Name:~/Desktop/Victor/Lab Prog Paralela/Trabalho1/p$ mpirun -np 4 p_Send_Irecv.exe 1000000
Invalid MIT-MAGIC-COOKIE-1 keyQuant. de primos entre 1 e n: 78498 
Tempo de execucao: 0.077 
admin@rafael-System-Product-Name:~/Desktop/Victor/Lab Prog Paralela/Trabalho1/p$ mpirun -np 8 p_Send_Irecv.exe 1000000
Invalid MIT-MAGIC-COOKIE-1 keyQuant. de primos entre 1 e n: 78498 
Tempo de execucao: 0.043 
admin@rafael-System-Product-Name:~/Desktop/Victor/Lab Prog Paralela/Trabalho1/p$ mpirun -np 1 p_Isend_Irecv.exe 100000000
Invalid MIT-MAGIC-COOKIE-1 keyQuant. de primos entre 1 e n: 5761455 
Tempo de execucao: 111.913 
admin@rafael-System-Product-Name:~/Desktop/Victor/Lab Prog Paralela/Trabalho1/p$ mpirun -np 2 p_Isend_Irecv.exe 100000000
Invalid MIT-MAGIC-COOKIE-1 keyQuant. de primos entre 1 e n: 5761455 
Tempo de execucao: 56.427 
admin@rafael-System-Product-Name:~/Desktop/Victor/Lab Prog Paralela/Trabalho1/p$ mpirun -np 4 p_Isend_Irecv.exe 100000000
Invalid MIT-MAGIC-COOKIE-1 key^Cadmin@rafael-System-Product-Name:~/Desktop/Victor/Lab Prog Paralela/Trabalho1/p$ ^C
admin@rafael-System-Product-Name:~/Desktop/Victor/Lab Prog Paralela/Trabalho1/p$ mpirun -np 4 p_Isend_Irecv.exe 100000000
Invalid MIT-MAGIC-COOKIE-1 keyQuant. de primos entre 1 e n: 5761455 
Tempo de execucao: 29.005 
admin@rafael-System-Product-Name:~/Desktop/Victor/Lab Prog Paralela/Trabalho1/p$ mpirun -np 8 p_Isend_Irecv.exe 100000000
Invalid MIT-MAGIC-COOKIE-1 keyQuant. de primos entre 1 e n: 5761455 
Tempo de execucao: 15.539 
admin@rafael-System-Product-Name:~/Desktop/Victor/Lab Prog Paralela/Trabalho1/p$ mpirun -np 1 p_Isend_Irecv.exe 10000000
Invalid MIT-MAGIC-COOKIE-1 keyQuant. de primos entre 1 e n: 664579 
Tempo de execucao: 4.053 
admin@rafael-System-Product-Name:~/Desktop/Victor/Lab Prog Paralela/Trabalho1/p$ mpirun -np 2 p_Isend_Irecv.exe 10000000
Invalid MIT-MAGIC-COOKIE-1 keyQuant. de primos entre 1 e n: 664579 
Tempo de execucao: 2.046 
admin@rafael-System-Product-Name:~/Desktop/Victor/Lab Prog Paralela/Trabalho1/p$ mpirun -np 4 p_Isend_Irecv.exe 10000000
Invalid MIT-MAGIC-COOKIE-1 keyQuant. de primos entre 1 e n: 664579 
Tempo de execucao: 1.100 
admin@rafael-System-Product-Name:~/Desktop/Victor/Lab Prog Paralela/Trabalho1/p$ mpirun -np 8 p_Isend_Irecv.exe 10000000
Invalid MIT-MAGIC-COOKIE-1 keyQuant. de primos entre 1 e n: 664579 
Tempo de execucao: 0.694 
admin@rafael-System-Product-Name:~/Desktop/Victor/Lab Prog Paralela/Trabalho1/p$ mpirun -np 1 p_Isend_Irecv.exe 1000000
Invalid MIT-MAGIC-COOKIE-1 keyQuant. de primos entre 1 e n: 78498 
Tempo de execucao: 0.156 
admin@rafael-System-Product-Name:~/Desktop/Victor/Lab Prog Paralela/Trabalho1/p$ mpirun -np 2 p_Isend_Irecv.exe 1000000
Invalid MIT-MAGIC-COOKIE-1 keyQuant. de primos entre 1 e n: 78498 
Tempo de execucao: 0.081 
admin@rafael-System-Product-Name:~/Desktop/Victor/Lab Prog Paralela/Trabalho1/p$ mpirun -np 4 p_Isend_Irecv.exe 1000000
Invalid MIT-MAGIC-COOKIE-1 keyQuant. de primos entre 1 e n: 78498 
Tempo de execucao: 0.083 
admin@rafael-System-Product-Name:~/Desktop/Victor/Lab Prog Paralela/Trabalho1/p$ mpirun -np 8 p_Isend_Irecv.exe 1000000
Invalid MIT-MAGIC-COOKIE-1 keyQuant. de primos entre 1 e n: 78498 
Tempo de execucao: 0.043 
admin@rafael-System-Product-Name:~/Desktop/Victor/Lab Prog Paralela/Trabalho1/p$ mpirun -np 1 p_Ssend_Irecv.exe 100000000
Invalid MIT-MAGIC-COOKIE-1 keyQuant. de primos entre 1 e n: 5761455 
Tempo de execucao: 111.865 
admin@rafael-System-Product-Name:~/Desktop/Victor/Lab Prog Paralela/Trabalho1/p$ mpirun -np 2 p_Ssend_Irecv.exe 100000000
Invalid MIT-MAGIC-COOKIE-1 keyQuant. de primos entre 1 e n: 5761455 
Tempo de execucao: 56.451 
admin@rafael-System-Product-Name:~/Desktop/Victor/Lab Prog Paralela/Trabalho1/p$ mpirun -np 3 p_Ssend_Irecv.exe 100000000
Invalid MIT-MAGIC-COOKIE-1 key^C
admin@rafael-System-Product-Name:~/Desktop/Victor/Lab Prog Paralela/Trabalho1/p$ mpirun -np 4 p_Ssend_Irecv.exe 100000000
Invalid MIT-MAGIC-COOKIE-1 keyQuant. de primos entre 1 e n: 5761455 
Tempo de execucao: 29.270 
admin@rafael-System-Product-Name:~/Desktop/Victor/Lab Prog Paralela/Trabalho1/p$ mpirun -np 8 p_Ssend_Irecv.exe 100000000
Invalid MIT-MAGIC-COOKIE-1 keyQuant. de primos entre 1 e n: 5761455 
Tempo de execucao: 15.576 
admin@rafael-System-Product-Name:~/Desktop/Victor/Lab Prog Paralela/Trabalho1/p$ mpirun -np 1 p_Ssend_Irecv.exe 10000000
Invalid MIT-MAGIC-COOKIE-1 keyQuant. de primos entre 1 e n: 664579 
Tempo de execucao: 4.053 
admin@rafael-System-Product-Name:~/Desktop/Victor/Lab Prog Paralela/Trabalho1/p$ mpirun -np 2 p_Ssend_Irecv.exe 10000000
Invalid MIT-MAGIC-COOKIE-1 keyQuant. de primos entre 1 e n: 664579 
Tempo de execucao: 2.051 
admin@rafael-System-Product-Name:~/Desktop/Victor/Lab Prog Paralela/Trabalho1/p$ mpirun -np 4 p_Ssend_Irecv.exe 10000000
Invalid MIT-MAGIC-COOKIE-1 keyQuant. de primos entre 1 e n: 664579 
Tempo de execucao: 1.086 
admin@rafael-System-Product-Name:~/Desktop/Victor/Lab Prog Paralela/Trabalho1/p$ mpirun -np 8 p_Ssend_Irecv.exe 10000000
Invalid MIT-MAGIC-COOKIE-1 keyQuant. de primos entre 1 e n: 664579 
Tempo de execucao: 0.582 
admin@rafael-System-Product-Name:~/Desktop/Victor/Lab Prog Paralela/Trabalho1/p$ mpirun -np 1 p_Ssend_Irecv.exe 1000000
Invalid MIT-MAGIC-COOKIE-1 keyQuant. de primos entre 1 e n: 78498 
Tempo de execucao: 0.155 
admin@rafael-System-Product-Name:~/Desktop/Victor/Lab Prog Paralela/Trabalho1/p$ mpirun -np 2 p_Ssend_Irecv.exe 1000000
Invalid MIT-MAGIC-COOKIE-1 keyQuant. de primos entre 1 e n: 78498 
Tempo de execucao: 0.084 
admin@rafael-System-Product-Name:~/Desktop/Victor/Lab Prog Paralela/Trabalho1/p$ mpirun -np 4 p_Ssend_Irecv.exe 1000000
Invalid MIT-MAGIC-COOKIE-1 keyQuant. de primos entre 1 e n: 78498 
Tempo de execucao: 0.064 
admin@rafael-System-Product-Name:~/Desktop/Victor/Lab Prog Paralela/Trabalho1/p$ mpirun -np 8 p_Ssend_Irecv.exe 1000000
Invalid MIT-MAGIC-COOKIE-1 keyQuant. de primos entre 1 e n: 78498 
Tempo de execucao: 0.038 
admin@rafael-System-Product-Name:~/Desktop/Victor/Lab Prog Paralela/Trabalho1/p$ mpirun -np 1 p_Rsend.exe 100000000
Invalid MIT-MAGIC-COOKIE-1 keyQuant. de primos entre 1 e n: 5761455 
Tempo de execucao: 111.839 
admin@rafael-System-Product-Name:~/Desktop/Victor/Lab Prog Paralela/Trabalho1/p$ mpirun -np 2 p_Rsend.exe 100000000
Invalid MIT-MAGIC-COOKIE-1 keycont 2880950
ii +1 1
cont 222 2880504
total 5761454
Quant. de primos entre 1 e n: 5761455 
Tempo de execucao: 56.423 
admin@rafael-System-Product-Name:~/Desktop/Victor/Lab Prog Paralela/Trabalho1/p$ mpirun -np 4 p_Rsend.exe 100000000
Invalid MIT-MAGIC-COOKIE-1 keycont 1440544
ii +1 1
cont 222 1440534
total 2881078
cont 1440534
ii +1 2
cont 222 1440406
total 4321484
cont 1440406
ii +1 3
cont 222 1439970
total 5761454
Quant. de primos entre 1 e n: 5761455 
Tempo de execucao: 28.881 
admin@rafael-System-Product-Name:~/Desktop/Victor/Lab Prog Paralela/Trabalho1/p$ mpirun -np 8 p_Rsend.exe 100000000
Invalid MIT-MAGIC-COOKIE-1 keycont 720467
ii +1 1
cont 222 720275
total 1440742
cont 720275
ii +1 2
cont 222 720456
total 2161198
cont 720456
ii +1 3
cont 222 719964
total 2881162
cont 719964
ii +1 4
cont 222 720077
total 3601239
cont 720077
ii +1 5
cont 222 720259
total 4321498
cont 720259
ii +1 6
cont 222 719950
total 5041448
cont 719950
ii +1 7
cont 222 720006
total 5761454
Quant. de primos entre 1 e n: 5761455 
Tempo de execucao: 15.538 
admin@rafael-System-Product-Name:~/Desktop/Victor/Lab Prog Paralela/Trabalho1/p$ mpirun -np 1 p_Rsend.exe 10000000
Invalid MIT-MAGIC-COOKIE-1 keyQuant. de primos entre 1 e n: 664579 
Tempo de execucao: 4.052 
admin@rafael-System-Product-Name:~/Desktop/Victor/Lab Prog Paralela/Trabalho1/p$ mpirun -np 2 p_Rsend.exe 10000000
Invalid MIT-MAGIC-COOKIE-1 keycont 332398
ii +1 1
cont 222 332180
total 664578
Quant. de primos entre 1 e n: 664579 
Tempo de execucao: 2.045 
admin@rafael-System-Product-Name:~/Desktop/Victor/Lab Prog Paralela/Trabalho1/p$ mpirun -np 4 p_Rsend.exe 10000000
Invalid MIT-MAGIC-COOKIE-1 keycont 166161
ii +1 1
cont 222 166204
total 332365
cont 166204
ii +1 2
cont 222 166237
total 498602
cont 166237
ii +1 3
cont 222 165976
total 664578
Quant. de primos entre 1 e n: 664579 
Tempo de execucao: 1.073 
admin@rafael-System-Product-Name:~/Desktop/Victor/Lab Prog Paralela/Trabalho1/p$ mpirun -np 8 p_Rsend.exe 10000000
Invalid MIT-MAGIC-COOKIE-1 keycont 83039
ii +1 1
cont 222 83065
total 166104
cont 83065
ii +1 2
cont 222 83117
total 249221
cont 83117
ii +1 3
cont 222 83009
total 332230
cont 83009
ii +1 4
cont 222 83122
total 415352
cont 83122
ii +1 5
cont 222 83139
total 498491
cont 83139
ii +1 6
cont 222 83120
total 581611
cont 83120
ii +1 7
cont 222 82967
total 664578
Quant. de primos entre 1 e n: 664579 
Tempo de execucao: 0.675 
admin@rafael-System-Product-Name:~/Desktop/Victor/Lab Prog Paralela/Trabalho1/p$ mpirun -np 1 p_Rsend.exe 1000000
Invalid MIT-MAGIC-COOKIE-1 keyQuant. de primos entre 1 e n: 78498 
Tempo de execucao: 0.156 
admin@rafael-System-Product-Name:~/Desktop/Victor/Lab Prog Paralela/Trabalho1/p$ mpirun -np 2 p_Rsend.exe 1000000
Invalid MIT-MAGIC-COOKIE-1 keycont 39322
ii +1 1
cont 222 39175
total 78497
Quant. de primos entre 1 e n: 78498 
Tempo de execucao: 0.083 
admin@rafael-System-Product-Name:~/Desktop/Victor/Lab Prog Paralela/Trabalho1/p$ mpirun -np 4 p_Rsend.exe 1000000
Invalid MIT-MAGIC-COOKIE-1 keycont 19653
ii +1 1
cont 222 19623
total 39276
cont 19623
ii +1 2
cont 222 19669
total 58945
cont 19669
ii +1 3
cont 222 19552
total 78497
Quant. de primos entre 1 e n: 78498 
Tempo de execucao: 0.048 
admin@rafael-System-Product-Name:~/Desktop/Victor/Lab Prog Paralela/Trabalho1/p$ mpirun -np 8 p_Rsend.exe 1000000
Invalid MIT-MAGIC-COOKIE-1 keycont 9838
ii +1 1
cont 222 9816
total 19654
cont 9816
ii +1 2
cont 222 9832
total 29486
cont 9832
ii +1 3
cont 222 9791
total 39277
cont 9791
ii +1 4
cont 222 9815
total 49092
cont 9815
ii +1 5
cont 222 9807
total 58899
cont 9807
ii +1 6
cont 222 9837
total 68736
cont 9837
ii +1 7
cont 222 9761
total 78497
Quant. de primos entre 1 e n: 78498 
Tempo de execucao: 0.043 
admin@rafael-System-Product-Name:~/Desktop/Victor/Lab Prog Paralela/Trabalho1/p$ mpirun -np 1 p_Rsend_Irecv.exe 1000000
Invalid MIT-MAGIC-COOKIE-1 key--------------------------------------------------------------------------
mpirun was unable to find the specified executable file, and therefore
did not launch the job.  This error was first reported for process
rank 0; it may have occurred for other processes as well.

NOTE: A common cause for this error is misspelling a mpirun command
      line parameter option (remember that mpirun interprets the first
      unrecognized command line token as the executable).

Node:       rafael-System-Product-Name
Executable: p_Rsend_Irecv.exe
--------------------------------------------------------------------------
admin@rafael-System-Product-Name:~/Desktop/Victor/Lab Prog Paralela/Trabalho1/p$ mpicc -o p_Rsend_Irecv.exe p_Rsend_Irecv.c -lm
admin@rafael-System-Product-Name:~/Desktop/Victor/Lab Prog Paralela/Trabalho1/p$ mpirun -np 1 p_Rsend_Irecv.exe 1000000
Invalid MIT-MAGIC-COOKIE-1 keyCOnt 78497 0 

 total 78497 
Quant. de primos entre 1 e n: 78498 
Tempo de execucao: 0.156 
admin@rafael-System-Product-Name:~/Desktop/Victor/Lab Prog Paralela/Trabalho1/p$ mpirun -np 1 p_Rsend_Irecv.exe 100000000
Invalid MIT-MAGIC-COOKIE-1 keyCOnt 5761454 0 

 total 5761454 
Quant. de primos entre 1 e n: 5761455 
Tempo de execucao: 111.924 
admin@rafael-System-Product-Name:~/Desktop/Victor/Lab Prog Paralela/Trabalho1/p$ mpirun -np 2 p_Rsend_Irecv.exe 100000000
Invalid MIT-MAGIC-COOKIE-1 keyCOnt 2880950 0 

 total 5761454 
Quant. de primos entre 1 e n: 5761455 
Tempo de execucao: 56.299 
admin@rafael-System-Product-Name:~/Desktop/Victor/Lab Prog Paralela/Trabalho1/p$ mpirun -np 4 p_Rsend_Irecv.exe 100000000
Invalid MIT-MAGIC-COOKIE-1 keyCOnt 1440544 0 

 total 5761454 
Quant. de primos entre 1 e n: 5761455 
Tempo de execucao: 28.870 
admin@rafael-System-Product-Name:~/Desktop/Victor/Lab Prog Paralela/Trabalho1/p$ mpirun -np 8 p_Rsend_Irecv.exe 100000000
Invalid MIT-MAGIC-COOKIE-1 keyCOnt 720467 0 

 total 5761454 
Quant. de primos entre 1 e n: 5761455 
Tempo de execucao: 15.448 
admin@rafael-System-Product-Name:~/Desktop/Victor/Lab Prog Paralela/Trabalho1/p$ mpirun -np 1 p_Rsend_Irecv.exe 100000000
Invalid MIT-MAGIC-COOKIE-1 key^C
admin@rafael-System-Product-Name:~/Desktop/Victor/Lab Prog Paralela/Trabalho1/p$ mpirun -np 1 p_Rsend_Irecv.exe 10000000
Invalid MIT-MAGIC-COOKIE-1 keyCOnt 664578 0 

 total 664578 
Quant. de primos entre 1 e n: 664579 
Tempo de execucao: 4.056 
admin@rafael-System-Product-Name:~/Desktop/Victor/Lab Prog Paralela/Trabalho1/p$ mpirun -np 2 p_Rsend_Irecv.exe 10000000
Invalid MIT-MAGIC-COOKIE-1 keyCOnt 332398 0 

 total 664578 
Quant. de primos entre 1 e n: 664579 
Tempo de execucao: 2.069 
admin@rafael-System-Product-Name:~/Desktop/Victor/Lab Prog Paralela/Trabalho1/p$ mpirun -np 4 p_Rsend_Irecv.exe 10000000
Invalid MIT-MAGIC-COOKIE-1 keyCOnt 166161 0 

 total 664578 
Quant. de primos entre 1 e n: 664579 
Tempo de execucao: 1.081 
admin@rafael-System-Product-Name:~/Desktop/Victor/Lab Prog Paralela/Trabalho1/p$ mpirun -np 8 p_Rsend_Irecv.exe 10000000
Invalid MIT-MAGIC-COOKIE-1 keyCOnt 83039 0 

 total 664578 
Quant. de primos entre 1 e n: 664579 
Tempo de execucao: 0.656 
admin@rafael-System-Product-Name:~/Desktop/Victor/Lab Prog Paralela/Trabalho1/p$ mpirun -np 1 p_Rsend_Irecv.exe 1000000
Invalid MIT-MAGIC-COOKIE-1 keyCOnt 78497 0 

 total 78497 
Quant. de primos entre 1 e n: 78498 
Tempo de execucao: 0.154 
admin@rafael-System-Product-Name:~/Desktop/Victor/Lab Prog Paralela/Trabalho1/p$ mpirun -np 2 p_Rsend_Irecv.exe 1000000
Invalid MIT-MAGIC-COOKIE-1 keyCOnt 39322 0 

 total 78497 
Quant. de primos entre 1 e n: 78498 
Tempo de execucao: 0.086 
admin@rafael-System-Product-Name:~/Desktop/Victor/Lab Prog Paralela/Trabalho1/p$ mpirun -np 4 p_Rsend_Irecv.exe 1000000
Invalid MIT-MAGIC-COOKIE-1 keyCOnt 19653 0 

 total 78497 
Quant. de primos entre 1 e n: 78498 
Tempo de execucao: 0.057 
admin@rafael-System-Product-Name:~/Desktop/Victor/Lab Prog Paralela/Trabalho1/p$ mpirun -np 8 p_Rsend_Irecv.exe 1000000
Invalid MIT-MAGIC-COOKIE-1 keyCOnt 9838 0 

 total 78497 
Quant. de primos entre 1 e n: 78498 
Tempo de execucao: 0.037 
admin@rafael-System-Product-Name:~/Desktop/Victor/Lab Prog Paralela/Trabalho1/p$ 


